---
source: src/binary/module.rs
expression: module
---
Module {
    magic: "\0asm",
    version: 1,
    custom_section: None,
    type_section: Some(
        [
            FuncType {
                params: [],
                results: [],
            },
            FuncType {
                params: [
                    I32,
                    I32,
                ],
                results: [
                    I32,
                ],
            },
        ],
    ),
    import_section: None,
    function_section: Some(
        [
            0,
            1,
        ],
    ),
    table_section: None,
    memory_section: Some(
        [
            Memory {
                limits: Limits {
                    min: 1,
                    max: None,
                },
            },
        ],
    ),
    global_section: None,
    export_section: Some(
        [
            Export {
                name: "nested",
                desc: Func(
                    1,
                ),
            },
        ],
    ),
    start_section: None,
    element_section: None,
    data: None,
    code_section: Some(
        [
            FunctionBody {
                locals: [],
                code: [
                    End,
                ],
            },
            FunctionBody {
                locals: [],
                code: [
                    LocalGet(
                        0,
                    ),
                    If(
                        Block {
                            block_type: Value(
                                [
                                    I32,
                                ],
                            ),
                        },
                    ),
                    LocalGet(
                        1,
                    ),
                    If(
                        Block {
                            block_type: Empty,
                        },
                    ),
                    Call(
                        0,
                    ),
                    Block(
                        Block {
                            block_type: Empty,
                        },
                    ),
                    End,
                    Nop,
                    End,
                    LocalGet(
                        1,
                    ),
                    If(
                        Block {
                            block_type: Empty,
                        },
                    ),
                    Else,
                    Call(
                        0,
                    ),
                    Block(
                        Block {
                            block_type: Empty,
                        },
                    ),
                    End,
                    Nop,
                    End,
                    LocalGet(
                        1,
                    ),
                    If(
                        Block {
                            block_type: Value(
                                [
                                    I32,
                                ],
                            ),
                        },
                    ),
                    Call(
                        0,
                    ),
                    I32Const(
                        9,
                    ),
                    Else,
                    Call(
                        0,
                    ),
                    I32Const(
                        10,
                    ),
                    End,
                    Else,
                    LocalGet(
                        1,
                    ),
                    If(
                        Block {
                            block_type: Empty,
                        },
                    ),
                    Call(
                        0,
                    ),
                    Block(
                        Block {
                            block_type: Empty,
                        },
                    ),
                    End,
                    Nop,
                    End,
                    LocalGet(
                        1,
                    ),
                    If(
                        Block {
                            block_type: Empty,
                        },
                    ),
                    Else,
                    Call(
                        0,
                    ),
                    Block(
                        Block {
                            block_type: Empty,
                        },
                    ),
                    End,
                    Nop,
                    End,
                    LocalGet(
                        1,
                    ),
                    If(
                        Block {
                            block_type: Value(
                                [
                                    I32,
                                ],
                            ),
                        },
                    ),
                    Call(
                        0,
                    ),
                    I32Const(
                        10,
                    ),
                    Else,
                    Call(
                        0,
                    ),
                    I32Const(
                        11,
                    ),
                    End,
                    End,
                    End,
                ],
            },
        ],
    ),
}
