---
source: src/binary/module.rs
expression: module
---
Module {
    magic: "\0asm",
    version: 1,
    type_section: Some(
        [
            FuncType {
                params: [
                    I32,
                ],
                results: [],
            },
            FuncType {
                params: [
                    I32,
                    I32,
                ],
                results: [
                    I32,
                ],
            },
        ],
    ),
    import_section: Some(
        [
            Import {
                module_name: "test",
                field_name: "print_i32",
                kind: Func(
                    0,
                ),
            },
            Import {
                module_name: "test",
                field_name: "memory-2-inf",
                kind: Table(
                    Table {
                        elem_type: FuncRef,
                        limits: Limits {
                            min: 10,
                            max: None,
                        },
                    },
                ),
            },
            Import {
                module_name: "test",
                field_name: "global-i32",
                kind: Global(
                    GlobalType {
                        value_type: I32,
                        mutability: Const,
                    },
                ),
            },
        ],
    ),
    function_section: Some(
        [
            0,
            1,
        ],
    ),
    table_section: Some(
        [
            Table {
                elem_type: FuncRef,
                limits: Limits {
                    min: 1,
                    max: Some(
                        256,
                    ),
                },
            },
        ],
    ),
    memory_section: Some(
        [
            Mem {
                limits: Limits {
                    min: 1,
                    max: Some(
                        256,
                    ),
                },
            },
        ],
    ),
    code_section: Some(
        [
            FunctionBody {
                locals: [],
                code: [
                    LocalGet(
                        0,
                    ),
                    I32Const(
                        1,
                    ),
                    I32Add,
                    Drop,
                    End,
                ],
            },
            FunctionBody {
                locals: [],
                code: [
                    LocalGet(
                        0,
                    ),
                    LocalGet(
                        1,
                    ),
                    I32Add,
                    End,
                ],
            },
        ],
    ),
    export_section: Some(
        [
            Export {
                name: "test",
                desc: Func(
                    1,
                ),
            },
            Export {
                name: "test2",
                desc: Func(
                    2,
                ),
            },
        ],
    ),
    global_section: Some(
        [
            Global {
                global_type: GlobalType {
                    value_type: I32,
                    mutability: Const,
                },
                init_expr: I32(
                    -2,
                ),
            },
            Global {
                global_type: GlobalType {
                    value_type: F32,
                    mutability: Var,
                },
                init_expr: F32(
                    5.5,
                ),
            },
        ],
    ),
}
